// Jest Snapshot v1, https://goo.gl/fbAQLP

exports[`should render LoginPage correctly 1`] = `
<div
  className="box-layout"
>
  <div
    className="box-layout__box"
  >
    <h1
      className="box-layout__title"
    >
      Robo-Foodie
    </h1>
    <p
      className="box-layout__tagline"
    >
      Take the back-and-forth out of what you're eating!
    </p>
    <p
      className="box-layout__sub-tagline"
    >
      Sign in to save and access your places
    </p>
    <button
      className="btn btn--google btn--shine box-layout__button"
      onClick={[Function]}
    >
      <img
        alt="google logo"
        className="box-layout__button-logo"
        src="/images/brands/google-logo.png"
      />
      Login with Google
    </button>
    <button
      className="btn btn--github btn--shine box-layout__button"
      onClick={[Function]}
    >
      <img
        alt="google logo"
        className="box-layout__button-logo"
        src="/images/brands/github-logo.png"
      />
      Login with Github
    </button>
    <button
      className="btn btn--facebook btn--shine box-layout__button"
      onClick={[Function]}
    >
      <img
        alt="google logo"
        className="box-layout__button-logo"
        src="/images/brands/facebook-logo.png"
      />
      Login with Facebook
    </button>
  </div>
</div>
`;
