// Jest Snapshot v1, https://goo.gl/fbAQLP

exports[`should render modal correctly 1`] = `
<Modal
  ariaHideApp={true}
  bodyOpenClassName="ReactModal__Body--open"
  className="react-modal"
  closeTimeoutMS={200}
  contentLabel="Delete expense"
  isOpen={true}
  onRequestClose={[MockFunction]}
  parentSelector={[Function]}
  portalClassName="ReactModalPortal"
  role="dialog"
  shouldCloseOnEsc={true}
  shouldCloseOnOverlayClick={true}
  shouldFocusAfterRender={true}
  shouldReturnFocusAfterClose={true}
>
  <h3
    className="react-modal__body"
  >
    Are you sure you want to delete this expense?
  </h3>
  <button
    className="btn btn--tertiary btn--shine react-modal__btn"
    onClick={[Function]}
  >
    Keep expense
  </button>
  <button
    className="btn btn--primary btn--shine react-modal__btn"
    onClick={[MockFunction]}
  >
    Yes, delete
  </button>
</Modal>
`;
